run: 1
cost: 4.54823
warmup_s: 0.166212
planning_s: 10.021
aorrtc_initial_cost: 8.60493
aorrtc_solution_updates: 3
aorrtc_search_restarts: 3
aorrtc_initial_solution_sec: 0.627554
aorrtc_best_solution_sec: 0.823953
run: 2
cost: 4.54823
warmup_s: 0.0533949
planning_s: 10.0097
aorrtc_initial_cost: 7.53988
aorrtc_solution_updates: 5
aorrtc_search_restarts: 5
aorrtc_initial_solution_sec: 0.5005
aorrtc_best_solution_sec: 0.732755
run: 3
cost: 4.54823
warmup_s: 0.0527824
planning_s: 10.0673
aorrtc_initial_cost: 8.06655
aorrtc_solution_updates: 5
aorrtc_search_restarts: 5
aorrtc_initial_solution_sec: 0.497986
aorrtc_best_solution_sec: 0.720869
run: 4
cost: 4.54823
warmup_s: 0.0535045
planning_s: 10.0065
aorrtc_initial_cost: 7.75849
aorrtc_solution_updates: 5
aorrtc_search_restarts: 5
aorrtc_initial_solution_sec: 0.373648
aorrtc_best_solution_sec: 0.866954
run: 5
cost: 4.54823
warmup_s: 0.0566046
planning_s: 10.0433
aorrtc_initial_cost: 8.47859
aorrtc_solution_updates: 5
aorrtc_search_restarts: 5
aorrtc_initial_solution_sec: 0.385566
aorrtc_best_solution_sec: 0.913476
run: 6
cost: 4.54823
warmup_s: 0.0546922
planning_s: 10.0082
aorrtc_initial_cost: 7.75321
aorrtc_solution_updates: 5
aorrtc_search_restarts: 5
aorrtc_initial_solution_sec: 0.371083
aorrtc_best_solution_sec: 0.912979
run: 7
cost: 4.5144
warmup_s: 0.0524588
planning_s: 10.0163
aorrtc_initial_cost: 7.75849
aorrtc_solution_updates: 6
aorrtc_search_restarts: 6
aorrtc_initial_solution_sec: 0.381039
aorrtc_best_solution_sec: 4.18176
run: 8
cost: 4.54823
warmup_s: 0.0526539
planning_s: 10.0571
aorrtc_initial_cost: 7.65029
aorrtc_solution_updates: 5
aorrtc_search_restarts: 5
aorrtc_initial_solution_sec: 0.512624
aorrtc_best_solution_sec: 0.746897
run: 9
cost: 4.54823
warmup_s: 0.0531602
planning_s: 10.0349
aorrtc_initial_cost: 7.75321
aorrtc_solution_updates: 5
aorrtc_search_restarts: 5
aorrtc_initial_solution_sec: 0.376366
aorrtc_best_solution_sec: 0.921967
run: 10
cost: 4.54823
warmup_s: 0.0535431
planning_s: 10.0039
aorrtc_initial_cost: 9.3459
aorrtc_solution_updates: 3
aorrtc_search_restarts: 3
aorrtc_initial_solution_sec: 0.683445
aorrtc_best_solution_sec: 0.751854
run: 11
cost: 4.54823
warmup_s: 0.0543644
planning_s: 10.0162
aorrtc_initial_cost: 7.75849
aorrtc_solution_updates: 5
aorrtc_search_restarts: 5
aorrtc_initial_solution_sec: 0.382929
aorrtc_best_solution_sec: 0.939252
run: 12
cost: 4.54823
warmup_s: 0.0528147
planning_s: 10.0436
aorrtc_initial_cost: 7.75321
aorrtc_solution_updates: 5
aorrtc_search_restarts: 5
aorrtc_initial_solution_sec: 0.377185
aorrtc_best_solution_sec: 0.934706
run: 13
cost: 4.54823
warmup_s: 0.0526088
planning_s: 10.0344
aorrtc_initial_cost: 6.89222
aorrtc_solution_updates: 5
aorrtc_search_restarts: 5
aorrtc_initial_solution_sec: 0.501026
aorrtc_best_solution_sec: 0.724736
run: 14
cost: 4.54823
warmup_s: 0.0537641
planning_s: 10.0073
aorrtc_initial_cost: 7.68357
aorrtc_solution_updates: 5
aorrtc_search_restarts: 5
aorrtc_initial_solution_sec: 0.501679
aorrtc_best_solution_sec: 0.725655
run: 15
cost: 4.54823
warmup_s: 0.0531912
planning_s: 10.0478
aorrtc_initial_cost: 9.55653
aorrtc_solution_updates: 4
aorrtc_search_restarts: 4
aorrtc_initial_solution_sec: 0.607241
aorrtc_best_solution_sec: 0.799771
run: 16
cost: 4.54823
warmup_s: 0.0528733
planning_s: 10.0259
aorrtc_initial_cost: 7.67113
aorrtc_solution_updates: 5
aorrtc_search_restarts: 5
aorrtc_initial_solution_sec: 0.502811
aorrtc_best_solution_sec: 0.728752
run: 17
cost: 4.54823
warmup_s: 0.0529602
planning_s: 10.0187
aorrtc_initial_cost: 7.50048
aorrtc_solution_updates: 4
aorrtc_search_restarts: 4
aorrtc_initial_solution_sec: 0.61145
aorrtc_best_solution_sec: 0.734172
run: 18
cost: 4.26735
warmup_s: 0.0534706
planning_s: 10.029
aorrtc_initial_cost: 8.37975
aorrtc_solution_updates: 8
aorrtc_search_restarts: 8
aorrtc_initial_solution_sec: 0.485034
aorrtc_best_solution_sec: 3.21945
run: 19
cost: 5.24656
warmup_s: 0.0549963
planning_s: 10.0886
aorrtc_initial_cost: 8.49437
aorrtc_solution_updates: 3
aorrtc_search_restarts: 3
aorrtc_initial_solution_sec: 0.480742
aorrtc_best_solution_sec: 7.39801
run: 20
cost: 4.54823
warmup_s: 0.0533585
planning_s: 10.0651
aorrtc_initial_cost: 8.47525
aorrtc_solution_updates: 5
aorrtc_search_restarts: 5
aorrtc_initial_solution_sec: 0.383739
aorrtc_best_solution_sec: 0.920515
solved_runs: 20/20
planning_s_avg: 10.0322
planning_s_min: 10.0039
planning_s_max: 10.0886
planning_s_std: 0.0230888
path_length_avg: 12.35
path_length_min: 12
path_length_max: 15
cost_avg: 4.56741
cost_min: 4.26735
cost_max: 5.24656
