run: 1
cost: 4.54823
warmup_s: 0.155321
planning_s: 20.0145
aorrtc_initial_cost: 8.37975
aorrtc_solution_updates: 6
aorrtc_search_restarts: 6
aorrtc_initial_solution_sec: 0.491643
aorrtc_best_solution_sec: 0.806098
run: 2
cost: 4.54823
warmup_s: 0.0537867
planning_s: 20.0075
aorrtc_initial_cost: 6.814
aorrtc_solution_updates: 5
aorrtc_search_restarts: 5
aorrtc_initial_solution_sec: 0.504764
aorrtc_best_solution_sec: 0.730965
run: 3
cost: 4.54823
warmup_s: 0.0526745
planning_s: 20.0034
aorrtc_initial_cost: 6.67454
aorrtc_solution_updates: 5
aorrtc_search_restarts: 5
aorrtc_initial_solution_sec: 0.507998
aorrtc_best_solution_sec: 0.737746
run: 4
cost: 4.54823
warmup_s: 0.0581567
planning_s: 20.0067
aorrtc_initial_cost: 7.94345
aorrtc_solution_updates: 5
aorrtc_search_restarts: 5
aorrtc_initial_solution_sec: 0.510035
aorrtc_best_solution_sec: 0.739156
run: 5
cost: 4.54823
warmup_s: 0.0550511
planning_s: 20.0108
aorrtc_initial_cost: 7.75849
aorrtc_solution_updates: 4
aorrtc_search_restarts: 4
aorrtc_initial_solution_sec: 0.378219
aorrtc_best_solution_sec: 1.01413
run: 6
cost: 4.54823
warmup_s: 0.0576805
planning_s: 20.0493
aorrtc_initial_cost: 7.99812
aorrtc_solution_updates: 5
aorrtc_search_restarts: 5
aorrtc_initial_solution_sec: 0.513963
aorrtc_best_solution_sec: 0.748365
run: 7
cost: 4.54823
warmup_s: 0.0539782
planning_s: 20.0063
aorrtc_initial_cost: 7.14616
aorrtc_solution_updates: 5
aorrtc_search_restarts: 5
aorrtc_initial_solution_sec: 0.506978
aorrtc_best_solution_sec: 0.729275
run: 8
cost: 4.54823
warmup_s: 0.0527721
planning_s: 20.057
aorrtc_initial_cost: 8.37975
aorrtc_solution_updates: 6
aorrtc_search_restarts: 6
aorrtc_initial_solution_sec: 0.488512
aorrtc_best_solution_sec: 0.794252
run: 9
cost: 4.54823
warmup_s: 0.0534852
planning_s: 20.0178
aorrtc_initial_cost: 7.57297
aorrtc_solution_updates: 5
aorrtc_search_restarts: 5
aorrtc_initial_solution_sec: 0.504665
aorrtc_best_solution_sec: 0.729395
run: 10
cost: 4.54823
warmup_s: 0.0539388
planning_s: 20.0387
aorrtc_initial_cost: 8.16107
aorrtc_solution_updates: 6
aorrtc_search_restarts: 6
aorrtc_initial_solution_sec: 0.51018
aorrtc_best_solution_sec: 0.712249
run: 11
cost: 4.54823
warmup_s: 0.0530124
planning_s: 20.0435
aorrtc_initial_cost: 9.27907
aorrtc_solution_updates: 4
aorrtc_search_restarts: 4
aorrtc_initial_solution_sec: 0.624054
aorrtc_best_solution_sec: 0.749001
run: 12
cost: 4.54823
warmup_s: 0.0541833
planning_s: 20.0358
aorrtc_initial_cost: 7.81051
aorrtc_solution_updates: 5
aorrtc_search_restarts: 5
aorrtc_initial_solution_sec: 0.504811
aorrtc_best_solution_sec: 0.727627
run: 13
cost: 4.54823
warmup_s: 0.05415
planning_s: 20.0035
aorrtc_initial_cost: 7.74428
aorrtc_solution_updates: 5
aorrtc_search_restarts: 5
aorrtc_initial_solution_sec: 0.503073
aorrtc_best_solution_sec: 0.731696
run: 14
cost: 4.54823
warmup_s: 0.0531572
planning_s: 20.0512
aorrtc_initial_cost: 7.91616
aorrtc_solution_updates: 5
aorrtc_search_restarts: 5
aorrtc_initial_solution_sec: 0.497849
aorrtc_best_solution_sec: 0.724539
run: 15
cost: 4.54823
warmup_s: 0.0528468
planning_s: 20.0588
aorrtc_initial_cost: 7.75321
aorrtc_solution_updates: 5
aorrtc_search_restarts: 5
aorrtc_initial_solution_sec: 0.377673
aorrtc_best_solution_sec: 0.933569
run: 16
cost: 4.54823
warmup_s: 0.0530087
planning_s: 20.0121
aorrtc_initial_cost: 6.70879
aorrtc_solution_updates: 6
aorrtc_search_restarts: 6
aorrtc_initial_solution_sec: 0.503701
aorrtc_best_solution_sec: 0.709158
run: 17
cost: 4.54823
warmup_s: 0.0563829
planning_s: 20.0098
aorrtc_initial_cost: 8.37975
aorrtc_solution_updates: 6
aorrtc_search_restarts: 6
aorrtc_initial_solution_sec: 0.486797
aorrtc_best_solution_sec: 0.791197
run: 18
cost: 4.54823
warmup_s: 0.0542009
planning_s: 20.0574
aorrtc_initial_cost: 8.00711
aorrtc_solution_updates: 6
aorrtc_search_restarts: 6
aorrtc_initial_solution_sec: 0.478595
aorrtc_best_solution_sec: 0.764724
run: 19
cost: 4.8825
warmup_s: 0.0547766
planning_s: 20.0142
aorrtc_initial_cost: 8.49437
aorrtc_solution_updates: 9
aorrtc_search_restarts: 9
aorrtc_initial_solution_sec: 0.479156
aorrtc_best_solution_sec: 18.5566
run: 20
cost: 4.54823
warmup_s: 0.0534195
planning_s: 20.004
aorrtc_initial_cost: 7.75321
aorrtc_solution_updates: 5
aorrtc_search_restarts: 5
aorrtc_initial_solution_sec: 0.373348
aorrtc_best_solution_sec: 0.900344
solved_runs: 20/20
planning_s_avg: 20.0251
planning_s_min: 20.0034
planning_s_max: 20.0588
planning_s_std: 0.0204542
path_length_avg: 12.45
path_length_min: 12
path_length_max: 21
cost_avg: 4.56494
cost_min: 4.54823
cost_max: 4.8825
