run: 1
cost: 4.54823
warmup_s: 0.194332
planning_s: 5.06336
aorrtc_initial_cost: 7.47936
aorrtc_solution_updates: 5
aorrtc_search_restarts: 5
aorrtc_initial_solution_sec: 0.514873
aorrtc_best_solution_sec: 0.748167
run: 2
cost: 4.54823
warmup_s: 0.0527849
planning_s: 5.02181
aorrtc_initial_cost: 7.75321
aorrtc_solution_updates: 5
aorrtc_search_restarts: 5
aorrtc_initial_solution_sec: 0.374228
aorrtc_best_solution_sec: 0.866793
run: 3
cost: 4.54823
warmup_s: 0.0538775
planning_s: 5.09638
aorrtc_initial_cost: 8.49437
aorrtc_solution_updates: 6
aorrtc_search_restarts: 6
aorrtc_initial_solution_sec: 0.473333
aorrtc_best_solution_sec: 0.773008
run: 4
cost: 4.54823
warmup_s: 0.0540308
planning_s: 5.03476
aorrtc_initial_cost: 7.75321
aorrtc_solution_updates: 5
aorrtc_search_restarts: 5
aorrtc_initial_solution_sec: 0.371565
aorrtc_best_solution_sec: 0.916574
run: 5
cost: 5.5947
warmup_s: 0.0521685
planning_s: 5.04632
aorrtc_initial_cost: 7.75849
aorrtc_solution_updates: 7
aorrtc_search_restarts: 6
aorrtc_initial_solution_sec: 0.373482
aorrtc_best_solution_sec: 5.04632
run: 6
cost: 4.54823
warmup_s: 0.0533914
planning_s: 5.02244
aorrtc_initial_cost: 10.6656
aorrtc_solution_updates: 4
aorrtc_search_restarts: 4
aorrtc_initial_solution_sec: 0.654829
aorrtc_best_solution_sec: 0.77787
run: 7
cost: 4.54823
warmup_s: 0.0533414
planning_s: 5.02131
aorrtc_initial_cost: 7.73137
aorrtc_solution_updates: 6
aorrtc_search_restarts: 6
aorrtc_initial_solution_sec: 0.469138
aorrtc_best_solution_sec: 0.770346
run: 8
cost: 4.54823
warmup_s: 0.0533861
planning_s: 5.03835
aorrtc_initial_cost: 7.75849
aorrtc_solution_updates: 5
aorrtc_search_restarts: 5
aorrtc_initial_solution_sec: 0.381666
aorrtc_best_solution_sec: 0.904938
run: 9
cost: 4.54823
warmup_s: 0.053316
planning_s: 5.02289
aorrtc_initial_cost: 8.37975
aorrtc_solution_updates: 6
aorrtc_search_restarts: 6
aorrtc_initial_solution_sec: 0.488944
aorrtc_best_solution_sec: 0.776709
run: 10
cost: 4.54823
warmup_s: 0.0532301
planning_s: 5.03716
aorrtc_initial_cost: 8.01376
aorrtc_solution_updates: 4
aorrtc_search_restarts: 4
aorrtc_initial_solution_sec: 0.62712
aorrtc_best_solution_sec: 0.818121
run: 11
cost: 4.54823
warmup_s: 0.0590175
planning_s: 5.06263
aorrtc_initial_cost: 7.75849
aorrtc_solution_updates: 5
aorrtc_search_restarts: 5
aorrtc_initial_solution_sec: 0.379053
aorrtc_best_solution_sec: 0.917272
run: 12
cost: 4.54823
warmup_s: 0.0526179
planning_s: 5.08323
aorrtc_initial_cost: 7.96274
aorrtc_solution_updates: 6
aorrtc_search_restarts: 6
aorrtc_initial_solution_sec: 0.476635
aorrtc_best_solution_sec: 0.763746
run: 13
cost: 4.54823
warmup_s: 0.0552166
planning_s: 5.026
aorrtc_initial_cost: 8.47525
aorrtc_solution_updates: 5
aorrtc_search_restarts: 5
aorrtc_initial_solution_sec: 0.379069
aorrtc_best_solution_sec: 0.910312
run: 14
cost: 4.54823
warmup_s: 0.0538196
planning_s: 5.06509
aorrtc_initial_cost: 7.79814
aorrtc_solution_updates: 5
aorrtc_search_restarts: 5
aorrtc_initial_solution_sec: 0.501262
aorrtc_best_solution_sec: 0.730286
run: 15
cost: 4.54823
warmup_s: 0.0524606
planning_s: 5.02725
aorrtc_initial_cost: 8.37975
aorrtc_solution_updates: 6
aorrtc_search_restarts: 6
aorrtc_initial_solution_sec: 0.487833
aorrtc_best_solution_sec: 0.794519
run: 16
cost: 4.54823
warmup_s: 0.0527289
planning_s: 5.04779
aorrtc_initial_cost: 8.47859
aorrtc_solution_updates: 5
aorrtc_search_restarts: 5
aorrtc_initial_solution_sec: 0.388726
aorrtc_best_solution_sec: 0.890141
run: 17
cost: 4.54823
warmup_s: 0.0528749
planning_s: 5.06255
aorrtc_initial_cost: 8.08889
aorrtc_solution_updates: 5
aorrtc_search_restarts: 5
aorrtc_initial_solution_sec: 0.506462
aorrtc_best_solution_sec: 0.730338
run: 18
cost: 4.54823
warmup_s: 0.0538779
planning_s: 5.01802
aorrtc_initial_cost: 8.16631
aorrtc_solution_updates: 5
aorrtc_search_restarts: 5
aorrtc_initial_solution_sec: 0.512812
aorrtc_best_solution_sec: 0.743311
run: 19
cost: 4.54823
warmup_s: 0.0535821
planning_s: 5.12804
aorrtc_initial_cost: 9.20761
aorrtc_solution_updates: 4
aorrtc_search_restarts: 4
aorrtc_initial_solution_sec: 0.667772
aorrtc_best_solution_sec: 0.790638
run: 20
cost: 4.54823
warmup_s: 0.0538156
planning_s: 5.02581
aorrtc_initial_cost: 7.75321
aorrtc_solution_updates: 5
aorrtc_search_restarts: 5
aorrtc_initial_solution_sec: 0.377055
aorrtc_best_solution_sec: 0.948065
solved_runs: 20/20
planning_s_avg: 5.04756
planning_s_min: 5.01802
planning_s_max: 5.12804
planning_s_std: 0.0285612
path_length_avg: 12.3
path_length_min: 12
path_length_max: 18
cost_avg: 4.60055
cost_min: 4.54823
cost_max: 5.5947
